["return",{"line":1,"col":0}]
["return",false]
["return",false]
["failure","invalid arguments"]
["return",[0,[]]]
["return",{"line":1,"col":0}]
["return",false]
["return",false]
["failure","invalid arguments"]
["error",{"type":"type","start":{"line":1,"col":0},"end":{"line":1,"col":1},"valid":true,"message":"Unbound value x"}]
["return",{"line":1,"col":0}]
["return",false]
["return",false]
["failure","invalid arguments"]
["exception","Not_found"]
